snake_port.c:21:6:HAL_UART_RxCpltCallback	16	static
snake_port.c:31:13:platform_control_init	8	static
snake_port.c:35:13:platform_init_randomizer	8	static
snake_port.c:46:13:platform_display_init	8	static
snake_port.c:52:6:platform_refresh_hw	8	static
snake_port.c:57:6:platform_drawCell	24	static
snake_port.c:73:6:platform_eraseCell	24	static
snake_port.c:82:6:platform_drawFood	16	static
snake_port.c:90:6:platform_eraseFood	16	static
snake_port.c:98:6:platform_init	8	static
snake_port.c:105:6:platform_showInformal	16	static
snake_port.c:109:10:platform_randomize	16	static
snake_port.c:123:6:platform_sleep	16	static
snake_port.c:128:6:platform_fatal	8	static
snake_port.c:135:6:platform_get_control	24	static
