tft.c:53:6:delay	24	static,ignoring_inline_asm
tft.c:65:6:PIN_LOW	16	static
tft.c:70:6:PIN_HIGH	16	static
tft.c:75:6:PIN_INPUT	40	static
tft.c:85:6:PIN_OUTPUT	40	static
tft.c:153:10:width	4	static
tft.c:156:10:height	4	static
tft.c:171:17:color565_to_555	16	static
tft.c:174:17:color555_to_565	16	static
tft.c:177:16:color565_to_r	16	static
tft.c:180:16:color565_to_g	16	static
tft.c:183:16:color565_to_b	16	static
tft.c:187:10:color565	16	static
tft.c:188:10:readPixel	32	static
tft.c:196:6:WriteCmdData	16	static
tft.c:204:6:pushCommand	16	static
tft.c:239:6:setReadDir	8	static
tft.c:251:6:setWriteDir	8	static
tft.c:269:13:pushColors_any	40	static
tft.c:306:13:write24	24	static
tft.c:317:13:writecmddata	24	static
tft.c:327:13:WriteCmdParamN	24	static
tft.c:342:20:WriteCmdParam4	32	static
tft.c:351:13:init_table	48	static
tft.c:376:13:init_table16	24	static
tft.c:393:6:reset	8	static
tft.c:410:17:read16bits	16	static
tft.c:419:10:readReg	24	static
tft.c:437:10:readReg32	24	static
tft.c:444:10:readReg40	24	static
tft.c:453:6:tft_init	40	static
tft.c:2507:10:readID	24	static
tft.c:2604:9:readGRAM	56	static
tft.c:2670:6:setRotation	40	static
tft.c:2834:6:drawPixel	32	static
tft.c:2848:6:setAddrWindow	40	static
tft.c:2891:6:vertScroll	32	static
tft.c:2971:6:pushColors16b	24	static
tft.c:2975:6:pushColors8b	24	static
tft.c:2979:6:pushColors4n	24	static
tft.c:2985:6:fillScreen	24	static
tft.c:2990:6:invertDisplay	24	static
tft.c:3036:7:drawFastVLine	32	static
tft.c:3040:7:drawFastHLine	32	static
tft.c:3045:6:writePixel	16	static
tft.c:3050:6:writeLine	48	static
tft.c:3091:6:drawLine	40	static
tft.c:3104:6:drawCircle	40	static
tft.c:3138:6:drawCircleHelper	40	static
tft.c:3174:6:fillCircle	32	static
tft.c:3180:6:fillCircleHelper	40	static
tft.c:3217:6:drawRect	24	static
tft.c:3225:6:fillRect	32	static
tft.c:3314:6:drawRoundRect	40	static
tft.c:3331:6:fillRoundRect	40	static
tft.c:3343:6:drawTriangle	32	static
tft.c:3351:6:fillTriangle	72	static
tft.c:3431:6:testFillScreen	8	static
tft.c:3440:6:testLines	56	static
tft.c:3483:6:testFastLines	32	static
tft.c:3492:6:testRects	56	static
tft.c:3506:6:testFilledRects	56	static
tft.c:3523:6:testFilledCircles	40	static
tft.c:3536:6:testCircles	40	static
tft.c:3552:6:testTriangles	64	static
tft.c:3568:6:testFilledTriangles	64	static
tft.c:3581:6:testRoundRects	72	static
tft.c:3598:6:testFilledRoundRects	64	static
tft.c:3616:6:drawChar	56	static
tft.c:3666:8:write	48	static
tft.c:3705:6:setFont	16	static
tft.c:3734:6:charBounds	56	static
tft.c:3804:6:getTextBounds	64	static
tft.c:3827:6:printnewtstr	24	static
tft.c:3836:6:printstr	16	static
tft.c:3841:6:setTextWrap	16	static
tft.c:3843:6:setTextColor	16	static
tft.c:3848:6:setTextSize	16	static
tft.c:3853:6:setCursor	16	static
tft.c:3855:9:getRotation	4	static
tft.c:3860:6:scrollup	24	static
tft.c:3874:6:scrolldown	24	static
