tft.c:49:6:delay	24	static,ignoring_inline_asm
tft.c:61:6:PIN_LOW	16	static
tft.c:66:6:PIN_HIGH	16	static
tft.c:71:6:PIN_INPUT	40	static
tft.c:81:6:PIN_OUTPUT	40	static
tft.c:149:10:width	4	static
tft.c:152:10:height	4	static
tft.c:167:17:color565_to_555	16	static
tft.c:170:17:color555_to_565	16	static
tft.c:173:16:color565_to_r	16	static
tft.c:176:16:color565_to_g	16	static
tft.c:179:16:color565_to_b	16	static
tft.c:183:10:color565	16	static
tft.c:184:10:readPixel	32	static
tft.c:192:6:WriteCmdData	16	static
tft.c:200:6:pushCommand	16	static
tft.c:235:6:setReadDir	8	static
tft.c:247:6:setWriteDir	8	static
tft.c:265:13:pushColors_any	40	static
tft.c:302:13:write24	24	static
tft.c:313:13:writecmddata	24	static
tft.c:323:13:WriteCmdParamN	24	static
tft.c:338:20:WriteCmdParam4	32	static
tft.c:347:13:init_table	48	static
tft.c:372:13:init_table16	24	static
tft.c:389:6:reset	8	static
tft.c:406:17:read16bits	16	static
tft.c:415:10:readReg	24	static
tft.c:433:10:readReg32	24	static
tft.c:440:10:readReg40	24	static
tft.c:449:6:tft_init	40	static
tft.c:2503:10:readID	24	static
tft.c:2600:9:readGRAM	56	static
tft.c:2666:6:setRotation	40	static
tft.c:2830:6:drawPixel	32	static
tft.c:2844:6:setAddrWindow	40	static
tft.c:2887:6:vertScroll	32	static
tft.c:2967:6:pushColors16b	24	static
tft.c:2971:6:pushColors8b	24	static
tft.c:2975:6:pushColors4n	24	static
tft.c:2981:6:fillScreen	24	static
tft.c:2986:6:invertDisplay	24	static
tft.c:3032:7:drawFastVLine	32	static
tft.c:3036:7:drawFastHLine	32	static
tft.c:3041:6:writePixel	16	static
tft.c:3046:6:writeLine	48	static
tft.c:3087:6:drawLine	40	static
tft.c:3100:6:drawCircle	40	static
tft.c:3134:6:drawCircleHelper	40	static
tft.c:3170:6:fillCircle	32	static
tft.c:3176:6:fillCircleHelper	40	static
tft.c:3213:6:drawRect	24	static
tft.c:3221:6:fillRect	32	static
tft.c:3310:6:drawRoundRect	40	static
tft.c:3327:6:fillRoundRect	40	static
tft.c:3339:6:drawTriangle	32	static
tft.c:3347:6:fillTriangle	72	static
tft.c:3427:6:testFillScreen	8	static
tft.c:3436:6:testLines	56	static
tft.c:3479:6:testFastLines	32	static
tft.c:3488:6:testRects	56	static
tft.c:3502:6:testFilledRects	56	static
tft.c:3519:6:testFilledCircles	40	static
tft.c:3532:6:testCircles	40	static
tft.c:3548:6:testTriangles	64	static
tft.c:3564:6:testFilledTriangles	64	static
tft.c:3577:6:testRoundRects	72	static
tft.c:3594:6:testFilledRoundRects	64	static
tft.c:3612:6:drawChar	56	static
tft.c:3662:8:write	48	static
tft.c:3701:6:setFont	16	static
tft.c:3730:6:charBounds	56	static
tft.c:3800:6:getTextBounds	64	static
tft.c:3823:6:printnewtstr	24	static
tft.c:3832:6:printstr	16	static
tft.c:3837:6:setTextWrap	16	static
tft.c:3839:6:setTextColor	16	static
tft.c:3844:6:setTextSize	16	static
tft.c:3849:6:setCursor	16	static
tft.c:3851:9:getRotation	4	static
tft.c:3856:6:scrollup	24	static
tft.c:3870:6:scrolldown	24	static
